ok - fm-sessionstart-nudge: a genuine primary gets one explicitly marked instruction line
ok - fm-sessionstart-nudge: NO_MISTAKES_GATE is silent
ok - fm-sessionstart-nudge: .no-mistakes gate common-dir is silent
ok - fm-sessionstart-nudge: an unmarked linked task worktree is silent
ok - fm-sessionstart-nudge: a marked linked secondmate home is a primary
ok - fm-sessionstart-nudge: a checkout without state is silent
ok - fm-sessionstart-nudge: a lock holder in process ancestry is already run
ok - OpenCode session.created delivers the exact wrapper nudge once per session
ok - run wrapper: startup runs the full digest and never also nudges
ok - run wrapper: clear and compact re-emit the digest without repeating startup sweeps
ok - run wrapper forwards only stale-cache rebuild sources to immutable-baseline instruction refresh
ok - run wrapper refreshes a compact even when startup completion is unproven
ok - run wrapper: clear falls back to full startup when completion is unproven
ok - run wrapper: clear accepts completion only from the current harness
ok - run wrapper: resume delegates to the nudge instead of re-running the digest
ok - run wrapper: the hook payload's source field drives routing with no explicit argument
ok - run wrapper: an unrecognized or absent source takes the helm rather than skipping it
ok - run wrapper: a gate agent and an unmarked task worktree never run a session start
ok - run wrapper: a session start that cannot take the lock still opens the session and says so
ok - session-start run: inherited main and secondmate homes cannot cross-bind in either direction
ok - direct session, lock, and watcher executables refuse inherited foreign homes
ok - primary home binding keeps the caller's logical home spelling
ok - Pi distinguishes header-proven restored CLI sessions from named create-if-missing startups
ok - Pi retains a bounded digest prefix and loudly marks oversized delivery
