FM_TEST_BEGIN 2026-09-05T03:52:00Z tests/fm-secondmate-sync.test.sh family=secondmate expected_gate_skip=none
ok - T1 updated: a behind home fast-forwards to the primary's local HEAD
ok - T2 current: an already-current home is a no-op and reports no instruction change
ok - T3 dirty: an uncommitted home is skipped, its edit preserved
ok - T4 diverged: a home that is not an ancestor of the primary's HEAD is skipped
ok - T5 in-flight: a home on a feature branch is skipped, its work preserved
ok - T6 linked worktree: a shared object store never invokes git fetch
ok - T6b standalone clone: a missing commit is acquired from the local primary and fast-forwarded
ok - T6c standalone guard: dirty work refuses before local object acquisition
ok - T6d standalone guard: divergence still refuses the fast-forward
ok - T6e standalone guard: identity refusal happens before object acquisition
ok - T7 sweep nudges on a real instruction change only, but still fast-forwards
ok - T8 bootstrap sweeps live homes and sends exactly one marked nudge for the instruction change
ok - T8a bootstrap nudge send respects FM_STATE_OVERRIDE
ok - T8f bootstrap nudge retry rejects malformed marker ids
ok - T8c failed bootstrap nudge is surfaced and recorded for retry
ok - T8d bootstrap nudge retry is idempotent after success
ok - T8e bootstrap nudge retry refuses a changed home instead of guessing
ok - T8b stale herdr nudge failures leave a retry marker after respawn rotates fm-<id> metadata
ok - T9 bootstrap surfaces a skipped dirty live secondmate home
ok - T10 spawn fast-forwards a secondmate worktree to the primary's local HEAD before launch
ok - T10b spawn acquires a standalone home's missing commit from the local primary
ok - T11 spawn warns when pre-launch sync is skipped
ok - T12 gitignored marker: a freshly seeded home reads clean to fleet-sync and the ff sweep
ok - T13 gitignored marker: an existing marker-only-dirty home converges, then reads clean
ok - T14 marker tolerance does not mask a genuinely dirty home
# all fm-secondmate-sync tests passed
FM_TEST_END 2026-09-05T03:52:36Z tests/fm-secondmate-sync.test.sh exit=0 duration_ms=36133 gate_skip=false
FM_TEST_SUMMARY total=1 failed=0 skipped_gate=0 duration_ms=36187
FM_TEST_SUMMARY_FAMILY family=secondmate count=1 duration_ms=36133 failed=0
FM_TEST_SLOWEST rank=1 script=tests/fm-secondmate-sync.test.sh duration_ms=36133
