ok - empty fleet snapshot and view use explicit absence markers
ok - fixture snapshot covers task rows, backlog rows, pointers, stable ordering, and emission-time event age
ok - five Herdr secondmates complete promptly while one timed-out endpoint alone becomes unknown
ok - a timed-out Herdr ship presence read stays null and unreadable, never exists=false
ok - a ship's run lookup uses the snapshot-scoped bound inside the whole crew-state read
ok - home-summary excludes kind=secondmate from unowned_current and terminal_in_flight
ok - undated captain holds age after a configurable threshold, decided only from structured fields
ok - captain-hold buckets are total, mutually exclusive, and never decided by prose
ok - main_inventory discloses orphan/unstructured and clears when inventory is consistent
ok - backlog normalization preserves strict roles and resolves every blocker compatibly
ok - snapshot event hints follow reconciled current state
ok - durable fold keeps an open decision past a later unrelated event
ok - a live secondmate endpoint preserves unrelated open decisions
ok - durable captain-held transfer closes the duplicate live status decision
ok - durable fold clears a decision only on a keyed resolution
ok - a completed scout's stale decision surfaces as a report pointer, not pending
ok - a scout still parked at a decision stays pending (terminal clear does not over-fire)
ok - snapshot includes durable scout reports after teardown
ok - snapshot parses tasks-axi rows and respects operational overrides
ok - fleet view renders the snapshot without secondmate peek guidance
ok - fleet view renders secondmate agent liveness
