ok - an abandoned same-process lock hold is reclaimed; a parent's live hold is not
ok - without BASHPID a subshell cannot release or reclaim its parent lock and owns its own hold
ok - bounded acquire hands ownership to the waiting caller after contention
ok - presentation lock waits are bounded and retriable without weakening acknowledgement atomicity
ok - malformed presentation locks report acquire failure instead of contention
tests/wake-helpers.sh: line 315: 33562 Killed: 9               PATH="$dir/fakebin:$PATH" FM_FAKE_NOW_FILE="$dir/now" FM_HOME="$dir" FM_ROOT_OVERRIDE="$ROOT" FM_STATE_OVERRIDE="$dir/state" FM_FAKE_TMUX_WINDOW='firstmate:fm-mate' FM_SECONDMATE_WAKE_STALL_SECS=1 FM_SECONDMATE_LIVENESS_SECS=99999999 FM_POLL=1 FM_SIGNAL_GRACE=0 FM_CHECK_INTERVAL=999999 FM_HEARTBEAT=999999 "$WATCH" > "$dir/watch-$leg.out" 2> "$dir/watch-$leg.err"
tests/wake-helpers.sh: line 315: 36487 Killed: 9               PATH="$dir/fakebin:$PATH" FM_FAKE_NOW_FILE="$dir/now" FM_HOME="$dir" FM_ROOT_OVERRIDE="$ROOT" FM_STATE_OVERRIDE="$dir/state" FM_FAKE_TMUX_WINDOW='firstmate:fm-mate' FM_SECONDMATE_WAKE_STALL_SECS=1 FM_SECONDMATE_LIVENESS_SECS=99999999 FM_POLL=1 FM_SIGNAL_GRACE=0 FM_CHECK_INTERVAL=999999 FM_HEARTBEAT=999999 "$WATCH" > "$dir/watch-$leg.out" 2> "$dir/watch-$leg.err"
tests/wake-helpers.sh: line 315: 44712 Killed: 9               PATH="$dir/fakebin:$PATH" FM_FAKE_NOW_FILE="$dir/now" FM_HOME="$dir" FM_ROOT_OVERRIDE="$ROOT" FM_STATE_OVERRIDE="$dir/state" FM_FAKE_TMUX_WINDOW='firstmate:fm-mate' FM_SECONDMATE_WAKE_STALL_SECS=1 FM_SECONDMATE_LIVENESS_SECS=99999999 FM_POLL=1 FM_SIGNAL_GRACE=0 FM_CHECK_INTERVAL=999999 FM_HEARTBEAT=999999 "$WATCH" > "$dir/watch-$leg.out" 2> "$dir/watch-$leg.err"
ok - foreign secondmate queue alerts once per no-progress episode without age-only or cascade noise
ok - declared external-wait pause rows do not feed secondmate wake-loop escalation
ok - a reprovisioned queue generation starts a fresh no-progress interval
ok - an active turn defers the secondmate stall escalation without cancelling it
ok - a long-lived mate mid-turn is not a stall, but a queue frozen past the busy bound still alarms
ok - a proven-idle leftover row is rung so the child home can drain without a parent alarm
ok - busy panes defer without a ring and unknown panes keep the parent alarm
ok - a leftover row that survives a proven-idle ring still surfaces as a genuine stall
ok - secondmate stall markers reject symlinks without touching their targets
ok - stall publication acknowledgement closes the pre-marker crash window
ok - empty prefix mate cleanup preserves another mate's stall receipt
ok - self-announced appends suppress only their own bytes and fail toward waking
ok - separate self-announced answers after a fold stay owned; worker decisions and later lines still wake
ok - an unreadable status still reads as unreported, with or without owned growth
ok - a worker resolved in fold lag still wakes after this home's close
ok - owned growth suppresses the wake without hiding the turn-ended annotation
ok - historical annotations replay nothing already announced and keep everything new
wake drain: queue lock could not be acquired safely
not ok - concurrent append/drain subprocess failed
