ok - an abandoned same-process lock hold is reclaimed; a parent's live hold is not
ok - without BASHPID a subshell cannot release or reclaim its parent lock and owns its own hold
ok - bounded acquire hands ownership to the waiting caller after contention
ok - presentation lock waits are bounded and retriable without weakening acknowledgement atomicity
ok - malformed presentation locks report acquire failure instead of contention
tests/wake-helpers.sh: line 315: 27323 Killed: 9               PATH="$dir/fakebin:$PATH" FM_FAKE_NOW_FILE="$dir/now" FM_HOME="$dir" FM_ROOT_OVERRIDE="$ROOT" FM_STATE_OVERRIDE="$dir/state" FM_FAKE_TMUX_WINDOW='firstmate:fm-mate' FM_SECONDMATE_WAKE_STALL_SECS=1 FM_SECONDMATE_LIVENESS_SECS=99999999 FM_POLL=1 FM_SIGNAL_GRACE=0 FM_CHECK_INTERVAL=999999 FM_HEARTBEAT=999999 "$WATCH" > "$dir/watch-$leg.out" 2> "$dir/watch-$leg.err"
tests/wake-helpers.sh: line 315: 27994 Killed: 9               PATH="$dir/fakebin:$PATH" FM_FAKE_NOW_FILE="$dir/now" FM_HOME="$dir" FM_ROOT_OVERRIDE="$ROOT" FM_STATE_OVERRIDE="$dir/state" FM_FAKE_TMUX_WINDOW='firstmate:fm-mate' FM_SECONDMATE_WAKE_STALL_SECS=1 FM_SECONDMATE_LIVENESS_SECS=99999999 FM_POLL=1 FM_SIGNAL_GRACE=0 FM_CHECK_INTERVAL=999999 FM_HEARTBEAT=999999 "$WATCH" > "$dir/watch-$leg.out" 2> "$dir/watch-$leg.err"
tests/wake-helpers.sh: line 315: 32678 Killed: 9               PATH="$dir/fakebin:$PATH" FM_FAKE_NOW_FILE="$dir/now" FM_HOME="$dir" FM_ROOT_OVERRIDE="$ROOT" FM_STATE_OVERRIDE="$dir/state" FM_FAKE_TMUX_WINDOW='firstmate:fm-mate' FM_SECONDMATE_WAKE_STALL_SECS=1 FM_SECONDMATE_LIVENESS_SECS=99999999 FM_POLL=1 FM_SIGNAL_GRACE=0 FM_CHECK_INTERVAL=999999 FM_HEARTBEAT=999999 "$WATCH" > "$dir/watch-$leg.out" 2> "$dir/watch-$leg.err"
ok - foreign secondmate queue alerts once per no-progress episode without age-only or cascade noise
ok - declared external-wait pause rows do not feed secondmate wake-loop escalation
ok - a reprovisioned queue generation starts a fresh no-progress interval
ok - an active turn defers the secondmate stall escalation without cancelling it
ok - a long-lived mate mid-turn is not a stall, but a queue frozen past the busy bound still alarms
ok - a proven-idle leftover row is rung so the child home can drain without a parent alarm
ok - busy panes defer without a ring and unknown panes keep the parent alarm
ok - a leftover row that survives a proven-idle ring still surfaces as a genuine stall
ok - secondmate stall markers reject symlinks without touching their targets
ok - stall publication acknowledgement closes the pre-marker crash window
ok - empty prefix mate cleanup preserves another mate's stall receipt
ok - self-announced appends suppress only their own bytes and fail toward waking
ok - separate self-announced answers after a fold stay owned; worker decisions and later lines still wake
ok - an unreadable status still reads as unreported, with or without owned growth
ok - a worker resolved in fold lag still wakes after this home's close
ok - owned growth suppresses the wake without hiding the turn-ended annotation
ok - historical annotations replay nothing already announced and keep everything new
ok - concurrent append plus drain preserves durable records through acknowledgement
ok - signal written while no watcher runs is caught on next run
WAKE_ACK_REQUIRED: after handling completes run bin/fm-wake-drain.sh --ack-through 1 --recovery-generation 80549.1790390999.H0YAnk
WARNING: queued wakes pending - drain them with bin/fm-wake-drain.sh before anything else.
ok - stale wake is queued before suppressor state is advanced
WAKE_ACK_REQUIRED: after handling completes run bin/fm-wake-drain.sh --ack-through 1 --recovery-generation 85435.1790391002.NE4ibe
WARNING: queued wakes pending - drain them with bin/fm-wake-drain.sh before anything else.
ok - a not-provably-working stale wake is queued before its suppressor is advanced
WAKE_ACK_REQUIRED: after handling completes run bin/fm-wake-drain.sh --ack-through 1 --recovery-generation 90149.1790391005.VnzxGD
WARNING: queued wakes pending - drain them with bin/fm-wake-drain.sh before anything else.
ok - registered custom check output is queued before cadence suppression
ok - concurrent drains replay until one post-handling acknowledgement consumes records
WAKE_ACK_REQUIRED: after handling completes run bin/fm-wake-drain.sh --ack-through 4 --recovery-generation 95156.1790391008.5nm03Q
ok - drain collapses obvious duplicate heartbeat and signal records
ok - drain asserts watcher liveness: warns on a lapse, stays silent for a live watcher with a fresh beacon
WAKE_ACK_REQUIRED: after handling completes run bin/fm-wake-drain.sh --ack-through 8 --recovery-generation 98924.1790391012.BQbIv8
ok - structural signal enrichment is separate, deduped, home-local, and tier-zero for other wakes
WAKE_ACK_REQUIRED: after handling completes run bin/fm-wake-drain.sh --ack-through 13 --recovery-generation 2006.1790391013.PyiHVU
ok - every readable unread status line is annotated in full while invalid status files preserve their raw wakes
WAKE_ACK_REQUIRED: after handling completes run bin/fm-wake-drain.sh --ack-through 1 --recovery-generation 7628.1790391016.5z5dZa
WAKE_ACK_REQUIRED: after handling completes run bin/fm-wake-drain.sh --ack-through 2 --recovery-generation 7628.1790391016.5z5dZa
ok - slow annotation releases the append lock and a deleted status file fails open
ok - a branch-actor scoped ack never swallows an unacked main-owned row, and main's later drain sees exactly what remains
ok - main drain and acknowledgement exclude an active branch grant
ok - a branch-actor acknowledgement commits secondmate stall receipts for exactly its granted rows
ok - a branch-held row raises no queued-wake warning for main, and the same row is presented and acknowledged once the grant clears
ok - a queue that cannot be counted keeps the queued-wake alarm up
ok - structurally unusable rows are retired by main alone, leaving every remaining row presentable and acknowledgeable
ok - branch grant cannot take a row already claimed by main
ok - main's acknowledgement leaves a row that arrived after its drain for whichever actor takes it next
ok - actor ownership filtering precedes same-key deduplication
ok - main reclaims rows granted to an exited branch owner
ok - a branch-actor drain with no eligible-row snapshot refuses loudly instead of draining nothing
WAKE_ACK_REQUIRED: after handling completes run bin/fm-wake-drain.sh --ack-through 1 --recovery-generation existing
ok - wake append publishes atomic recovery evidence before durable rows
ok - wake drain: generation-less legacy wakes are adopted and acknowledged
ok - wake drain: a stale acknowledgement cannot retire or consume a newer recovery episode
ok - wake drain: an acknowledgement that consumes nothing says so and names the exact command for the current wake
ok - wake drain: a branch acknowledgement that consumes nothing names the exact command for its granted wake
ok - wake drain: recovery acknowledgement failures are explicit and retryable
WAKE_ACK_REQUIRED: after handling completes run bin/fm-wake-drain.sh --ack-through 2 --recovery-generation 61086.1790391046.oIEzhR
ok - interruptions preserve durable rows until post-handling acknowledgement
ok - fm_wake_queue_prune_task: prunes wakes for target task without touching other tasks
ok - watch liveness: a dead secondmate is relaunched once, ledgered, and quiet afterwards
ok - watch liveness: a missing secondmate endpoint is relaunched without a pre-kill
ok - watch liveness: one tick relaunches every dead mate, queues a row each, and wakes once
ok - watch liveness: alive and ambiguous endpoints are probed, logged, and never touched
ok - watch liveness: the cadence marker gates probing and survives across legs
ok - watch liveness: the attempt bound parks a flapping mate once and a live probe rearms a full budget
ok - watch liveness: a failed auto-relaunch wakes once with its cause and is ledgered
ok - watch liveness: an unwritable or unreadable relaunch ledger refuses to kill or spawn
ok - watch liveness: a per-mate error keeps scanning, recovers later mates, and still wakes
ok - watch liveness: an outcome that could not be queued surfaces as an error, not a wake
ok - watch liveness: a mate mid-episode under the shared liveness lock is skipped entirely
ok - watch liveness: a dormant secondmate stays stopped and keeps its marker
ok - watch liveness: an unreachable remote secondmate is probed, preserved, and never failed over
