FM_TEST_BEGIN 2026-09-27T09:21:08Z tests/fm-test-run.test.sh family=pure-contract-unit expected_gate_skip=none
ok - exact suite coverage: --all lists every tests/*.test.sh once
ok - family selection returns a proper subset of the suite
ok - single-script selection lists exactly that path
ok - changed-file selection stays conservative (never silent full suite)
ok - a task marker refuses execution in the primary checkout and leaves worktrees and inspection alone
ok - runner and its documentation surfaces select their curated family, not just their contract owners
ok - shell line-ending policy selects runner coverage
fm-test-run: no tests selected for changes vs HEAD (map is conservative; use --all for the complete suite)
ok - changed selection covers dependents, fails closed for live unmapped source, and accepts retired unconsumed source
ok - a bin reference selects the referencing scripts, and consumers still select their curated families
ok - changed defaults to bounded automatic scheduling with serial override
ok - Windows emulation exempts only synthetic POSIX modes
ok - a plain script list defaults to bounded automatic concurrency without an automatic timeout
ok - family proofs run concurrently only within separate family phases
ok - empty changed selection emits deterministic text and JSON summaries
ok - timing markers and JSON artifact are valid
ok - runner and shared helper sanitize inherited FM values before synthetic mutation
ok - documented opt-in live gates survive the runner boundary while production values are stripped
ok - documented board browser opt-ins survive isolation without granting the login home
ok - nested children keep parent fixtures and refuse effective paths outside the disposable roots
ok - an explicitly enabled live lane keeps its existing login home; a disabled switch stays synthetic
ok - aggregate exit reflects any script failure
ok - gate-skip accounting is honest and non-failing
ok - a gate skip records why it skipped
ok - a script that actually ran records no skip reason
ok - live guards are recorded as a capability class, not a bare env opt-in
ok - fail-on-gate-skip converts herdr-not-found into a hard failure
ok - exclude-family drops the named primary family after selection
ok - proven-isolated scheduling ignores parallel hints
ok - family, all, changed, and script selections ignore parallel hints
ok - portable shard union, disjointness, and coverage guard hold
ok - portable parallel lanes are fully hinted and packed within 5% of each other
ok - portable serial shards are a deterministic disjoint cover of the serial lane
ok - coverage guard reports and bounds the unmeasured portable serial share
ok - portable serial shard lanes refuse mismatched, out-of-range, and countless names
bin/fm-test-run.sh: line 2340: 99534 Terminated: 15          ( local synthetic_root=$1; shift; fm_test_env_prepare "$synthetic_root" || exit 1; "$@" )
