FM_TEST_BEGIN 2026-10-06T22:09:46Z tests/fm-brief.test.sh family=pure-contract-unit expected_gate_skip=none
FM_TEST_BEGIN 2026-10-06T22:09:46Z tests/fm-lint.test.sh family=pure-contract-unit expected_gate_skip=none
ok - fm-brief: scaffolds leave the worker role scope to the launch boundary and keep the secondmate contract
ok - fm-brief.sh: bash -n succeeds
/private/var/folders/qb/mzs68z4x5k72692d0yfx2knc0000gn/T/fm-test-run.A5n1dD/w1/tmp/fm-brief.4Z0wQB/heredoc-in-substitution.sh:2
ok - fm-brief.sh: no heredoc is nested inside a command substitution (Bash 3.2 parse-safe)
ok - fm-brief.sh: --help renders the complete header
ok - fm-brief.sh: no-mistakes/direct-PR/local-only briefs generate cleanly
ok - fm-brief.sh: ship --mode is required and closed-set validated
ok - fm-brief.sh: the explicit ship mode wins over the registered posture
ok - fm-brief.sh: --yolo and scout/secondmate --mode are refused, never silently dropped
ok - fm-brief.sh: faster paths use configured authority without stacked review
ok - fm-brief.sh: no-mistakes DOD keeps its apostrophe prose and bans --yes outright
ok - fm-brief.sh: no-mistakes DOD detects a green PR from the drive call, not a status poll
ok - fm-brief.sh: PR-based done requires a non-draft PR; a deliberate draft declares a wait
ok - fm-brief.sh: no-mistakes ask-user findings use one event plus a verbatim snapshot
ok - fm-brief.sh: ship project-memory wording bounds edits to corrections of wrong information
ok - fm-brief.sh: --herdr-lab emits the complete hard safety contract
ok - fm-brief.sh: --herdr-lab uses its quoted Firstmate-owned helper path
ok - fm-brief.sh: ship and scout scaffolds make omitted Herdr intent fail-visible
ok - fm-brief.sh: the documented {TASK} and {FIRSTMATE_SPEC} fills cannot corrupt the Herdr safety gate
ok - fm-brief.sh: Herdr lab contract covers scouts and rejects secondmate misuse
ok - fm-brief.sh: --no-projects scaffolds a project-less charter and guards misuse
ok - fm-brief.sh: marked requests avoid generic acknowledgements and preserve material reporting
ok - fm-brief.sh: relative directory inputs ignore CDPATH, render stable absolute charter paths, or fail loudly
ok - fm-brief.sh: custom pause verb renders in every scaffold
ok - fm-brief.sh: ship and scout scaffolds declare a validation-round pause once, then hold it
ok - fm-brief.sh: investigation and visual-review completions load the shared decision policy
ok - fm-brief: scout and secondmate code paths still scaffold well-formed briefs
ok - fm-brief.sh: scout Lavish hosting follows the bootstrap lavish-axi floor
ok - fm-brief: workers end the turn on a decision, wait in one bounded shell command, and never poll
ok - fm-brief: without config/wait-no-turns the brief and drive text stay as they were
ok - fm-brief.sh: the home brief include lands last on ship and scout, verbatim, and fails closed
ok - fm-brief.sh: --base-branch records the base, targets the PR at it, and is refused where no PR carries it
ok - fm-brief.sh: --branch-prefix omitted defaults every ship mode to fm/<task-id>
ok - fm-brief.sh: a --branch-prefix override renders identically across every generated section
ok - fm-brief.sh: an empty --branch-prefix override resolves to a bare <task-id> branch
ok - fm-brief.sh: --branch-prefix is refused on scout and secondmate scaffolds
ok - fm-brief.sh: --branch-prefix value is validated against embedded spaces and a leading dash
Switched to a new branch '$(touch${IFS}/private/var/folders/qb/mzs68z4x5k72692d0yfx2knc0000gn/T/fm-test-run.A5n1dD/w1/tmp/fm-brief.4Z0wQB/branch-prefix-shell-safe-marker)brief-branch-safe-g3'
ok - fm-brief.sh: ref-format-valid shell metacharacters stay literal in generated branch commands
ok - fm-brief.sh: every crewmate scaffold forbids administering the shared worktree pool
FM_TEST_END 2026-10-06T22:10:08Z tests/fm-brief.test.sh exit=0 duration_ms=22473 gate_skip=false
ok - fm-lint.sh --help reports the complete executable interface
ok - fm-lint.sh --list-files reports the complete shell inventory
ok - two canonical lint partitions preserve complete source-aware coverage and reject weakened modes
ok - fm-lint.sh --fast disables ShellCheck extended analysis
ok - fm-lint.sh keeps full ShellCheck analysis by default in CI
ok - fm-lint.sh rejects explicit --fast mode in CI
ok - fm-lint.sh --fast catches an ordinary shell lint defect
ok - fm-lint.sh pins an explicit ShellCheck version (0.11.0)
ok - ShellCheck installer retries a transient download failure
ok - ShellCheck installer selects the official archive, URL, and checksum per OS/arch
ok - ShellCheck installer rejects a wrong checksum
ok - ShellCheck installer falls back to shasum -a 256 when sha256sum is absent
ok - ShellCheck installer prefers sha256sum when both hashers are present
ok - ShellCheck installer rejects an unsupported OS or architecture
ok - missing ShellCheck fails closed
ok - fm-lint.sh refuses to lint under a non-pinned ShellCheck version
ok - fm-lint.sh catches a real lint defect the old no-op gate passed
ok - fm-lint.sh rejects direct Beads CLI invocations in firstmate core
ok - fm-lint.sh enforces backend purity for explicit core paths
ok - fm-lint.sh ignores ambient ShellCheck options
ok - fm-lint.sh passes a clean fixture
ok - jobs=1 and jobs=2 preserve deterministic diagnostics, failures, cleanup bounds, and quiet telemetry
ok - jobs=1 and jobs=2 stop complete worker trees with and without telemetry
ok - SKIP (host cannot enforce the bounded envelope): root deadline kill check
ok - SKIP (host cannot enforce the bounded envelope): memory-limit death check
ok - memory failures retry without source following, exclude cross-file codes, and preserve a real fallback finding
ok - SKIP (host cannot enforce the bounded envelope): fallback deadline check
ok - explicit memory evidence outranks findings and signal reasons (modes: 0)
ok - OOM words in a source excerpt or a root path never classify a root as memory
ok - FM_LINT_REQUIRE_BOUNDS refuses missing enforcement and proceeds when enforceable
ok - SKIP (host cannot enforce the bounded envelope): pinned memory-envelope check
ok - the roots sidecar and telemetry record the run's final exit status
ok - the retained sidecar records each root's lifecycle with a mode, reason, and duration
ok - seeded dispatcher, adapter, production-owner, and test-local diagnostics preserve parity
ok - fm-lint.sh changed mode lints only the changed canonical file
ok - fm-lint.sh forces a full lint in CI even when the local diff would be empty
ok - fm-lint.sh forces a full lint when HEAD is on main
ok - fm-lint.sh explicit paths bypass changed-file mode selection
ok - fm-lint.sh exits 0 with a note when the local branch has no changed lint targets
ok - fm-lint.sh --list-files reports the would-be changed set in changed mode
ok - fm-lint.sh changed mode drops source following and excludes cross-file codes
ok - fm-lint.sh changed mode invokes ShellCheck once per root
ok - fm-lint.sh CI keeps source following without the local exclusion list
ok - fm-lint.sh on main keeps source following without the local exclusion list
ok - fm-lint.sh without a merge-base keeps source following without the local exclusion list
ok - fm-lint.sh explicit paths keep source following
ok - fm-lint.sh --fast on a local branch keeps source following
ok - fm-lint.sh changed mode excludes cross-file codes that explicit paths still report
ok - local exclusion list covers every no-external-sources ShellCheck code
FM_TEST_END 2026-10-06T22:12:43Z tests/fm-lint.test.sh exit=0 duration_ms=177699 gate_skip=false
FM_TEST_BEGIN 2026-10-06T22:12:43Z tests/fm-pi-watch-extension.test.sh family=watcher-wake-lock expected_gate_skip=none
ok - Pi extension reports external healthy watcher output
ok - Pi extension stays inert and names both paths under an inherited foreign home
ok - Pi custom tool exposes repair-only metadata and returns automatic-continuation guidance
ok - Pi redundant tool call returns ownership guidance and spawns no second child
ok - Pi scheduled retry remains extension-owned after another tool call
ok - Pi actionable close starts one successor before wake delivery settles
ok - Pi actionable output waits for predecessor close before successor restoration
ok - Pi dispatcher branch offer owns accepted wakes and falls back to main
ok - Pi dispatcher flags a fleet-wide heartbeat offer as branch-eligible
ok - a co-present check row neither vetoes nor rides a heartbeat into main
ok - every main-only check class still reaches main, never the supervision branch
ok - a captain-held signal trigger reaches main with routine rows present
ok - an unread pending-reply escalation keeps later stale aliases on main
ok - a mixed batch of two distinct files - one routine, one needs-decision - routes wholly to main
ok - a co-present needs-decision row neither vetoes nor rides a heartbeat into main
ok - heartbeat restoration failure stays on main
ok - watcher-failure repair stays with main even with a live, accepting branch listener
ok - under the away-posture record every actionable row is offered to the branch while broken-queue wakes and watcher-failure alarms still reach main
ok - Pi refused handling handshake is classified and not swallowed
ok - Pi confirm failure retires the named arm with distinct watcher pid
ok - Pi confirm failure for a stale successor spares the newer arm
ok - Pi superseded handling delivery carries no rejection appendix and is logged
ok - Pi superseded handling delivery is offered to the branch like a confirmed one
ok - Pi extension diagnostic log stays off unless opted in
ok - Pi repair starts a fresh arm instead of no-opping on a dead child
ok - Pi scheduled retry starts a fresh arm instead of stalling on a dead child
ok - Pi deferred close starts a fresh arm instead of stalling on a dead child
ok - Pi hung successor falls back to one typed actionable wake
ok - Pi unretired successor falls back without an overlapping retry
ok - Pi late unretired closes resume classified supervision
ok - Pi clean empty close triggers a bounded continuity retry
ok - Pi established clean closes stop at the configured retry limit
ok - Pi close handler verifies session-lock ownership before successor launch
ok - Pi watcher arm distinguishes all session lock ownership states
ok - Pi session transitions auto-arm through a generation owner across /new /resume /fork/reload, stale callbacks, and quit
ok - Pi session replacement auto-arms and carries its in-flight actionable close
ok - Pi replacement replays a streaming follow-up before consumption
ok - Pi streaming-time wake delivery keeps the successor chain and replays only unconsumed wakes
ok - Pi retries a verified successor that failed during wake delivery once that delivery settles
ok - Pi replacement receives actionable closes after retirement timeout
ok - Pi replacement handoff tokens stay unique across fresh modules
ok - Pi replacement persistence failure keeps its predecessor until a successor commits
ok - Pi process-exit cleanup listener remains singular across session replacement
ok - Pi process-exit cleanup stops the attached arm child
ok - OpenCode plugins have an explicit ESM boundary even under a typeless parent package
ok - OpenCode watcher plugin uses the effective FM_HOME state
ok - OpenCode watcher plugin sources the effective config
ok - OpenCode watcher plugin requires session lock ownership
ok - OpenCode watcher coordinator respects primary scope
ok - OpenCode watcher plugin starts one successor before wake prompt delivery settles
ok - OpenCode watcher plugin runs the supervision host on an opted-in home and relays every host line (away record)
ok - OpenCode watcher plugin runs the supervision host on an opted-in home and relays every host line (quiet record)
ok - OpenCode pre-ready actionable close preserves its successor
ok - OpenCode hung successor falls back to one typed actionable wake
ok - OpenCode unretired successor falls back without an overlapping retry
ok - OpenCode late unretired closes resume classified supervision
ok - OpenCode clean empty close triggers a bounded continuity retry
ok - OpenCode established clean closes stop at the configured retry limit
ok - OpenCode close handler verifies session-lock ownership before successor launch
ok - OpenCode watcher plugin coordinates with the turn-end guard
ok - OpenCode healthy arm output does not suppress the turn-end guard
FM_TEST_END 2026-10-06T22:13:43Z tests/fm-pi-watch-extension.test.sh exit=0 duration_ms=59656 gate_skip=false
FM_TEST_BEGIN 2026-10-06T22:13:43Z tests/fm-timeout-lib.test.sh family=pure-contract-unit expected_gate_skip=none
ok - fm_exec_timed passes a command's status and output through unchanged
ok - system Bash top-level and subshell calls preserve success, failure, and signal status
Terminated: 15             "$@"
ok - fm_run_timed reports 124 when the bound TERMs a read whose wrapper recorded 143
ok - fm_run_timed passes a natural exit through when the bound fired after completion
ok - fm_exec_timed sends TERM at the bound and a cooperative command ends there
ok - fm_exec_timed kills a TERM-ignoring command once the grace has passed
ok - fm_exec_timed replaces the calling shell instead of wrapping it
ok - fm_exec_timed reaps a descendant that would otherwise hold the output past the bound
ok - fm_exec_timed forwards a TERM it receives to the bounded command
ok - fm_exec_timed ends the command when its named owner is already gone
ok - fm_exec_timed ends the command when its owner dies during watchdog startup
ok - fm_exec_timed preserves a top-level shell's parent across exec startup
ok - fm_exec_timed prefers its perl watchdog over timeout
ok - fm_exec_timed refuses instead of running unbounded when no mechanism exists
ok - fm_exec_timed rejects a zero, padded, non-numeric, or missing bound and a missing command
ok - fm_exec_timed's GNU timeout fallback (skipped: no timeout binary on this host)
ok - fm_timed_out accepts 124 and 137 and nothing else
FM_TEST_END 2026-10-06T22:13:54Z tests/fm-timeout-lib.test.sh exit=0 duration_ms=10613 gate_skip=false
FM_TEST_BEGIN 2026-10-06T22:13:54Z tests/fm-spawn-pool-base-freshen.test.sh family=standalone expected_gate_skip=none
FM_TEST_BEGIN 2026-10-06T22:13:54Z tests/fm-test-fixture-cleanup.test.sh family=standalone expected_gate_skip=none
ok - fm_test_tmproot cleans up its fixture root on normal exit
ok - fm_test_tmproot cleans up its fixture root on SIGTERM
ok - the cleanup registry cannot be injected through path precreation
ok - failed fixture registration rolls back the new root
ok - the orphan sweep reaps only old fixtures without a live owner
ok - the orphan sweep reaps read-only package fixtures
ok - test registries and fixture roots stay out of a git worktree TMPDIR
FM_TEST_END 2026-10-06T22:13:56Z tests/fm-test-fixture-cleanup.test.sh exit=0 duration_ms=1959 gate_skip=false
ok - a remote-seeded secondmate home allocates and launches from its Treehouse pool
ok - a Treehouse slot claim names the launched task, refuses when unclaimable, and is dropped by a locked abort
ok - linked spawning home: primary preserves the primary before any refresh
ok - linked spawning home: primary-alias preserves the primary before any refresh
ok - linked spawning home: spawning preserves the primary before any refresh
ok - linked spawning home: scout preserves the primary before any refresh
ok - a stale pooled worktree refreshes to current origin/main before a crew branch is created
ok - --base-branch picks the copy's starting point and is recorded; a missing or local-only base refuses
ok - a spawn refuses when --base-branch and the brief's Base branch lines disagree
ok - a Base branch line in the captain's intent neither blocks nor redirects a spawn
ok - a based scout on a forge=gerrit project is refused at spawn
ok - a stale pooled worktree resolves and refreshes a non-main default branch
ok - direct-PR ships and scouts both refresh stale pooled worktrees before launch
ok - a dirty pooled worktree is refused without discarding its local work
ok - an unresolved remote default branch refuses the pooled worktree
ok - an unreachable origin refuses a potentially stale pooled worktree
ok - an origin-less pooled worktree launches as-is, skipping the freshness gate
ok - a dirty origin-less pooled worktree is refused without discarding its local work
ok - an origin configuration without a URL refuses the pooled worktree
ok - an empty origin configuration section refuses the pooled worktree
ok - an empty-only included origin section documents the accepted detection boundary
ok - an inactive conditional origin include leaves the pooled worktree origin-less
ok - an origin-less pool with a stale submodule pin refuses while naming both pins and no remedy
ok - an unpushed submodule commit keeps the uncommitted-work refusal and survives it
ok - work inside a submodule is still refused as uncommitted work, not called stale
ok - a stale pin carrying real work is refused conservatively, never called stale
ok - a stale pin beside other dirt yields the conservative refusal alone, with no stale-pin line
# all fm-spawn-pool-base-freshen tests passed
FM_TEST_END 2026-10-06T22:16:10Z tests/fm-spawn-pool-base-freshen.test.sh exit=0 duration_ms=135603 gate_skip=false
FM_TEST_SUMMARY total=6 failed=0 skipped_gate=0 duration_ms=384416
FM_TEST_SUMMARY_FAMILY family=pure-contract-unit count=3 duration_ms=210785 failed=0
FM_TEST_SUMMARY_FAMILY family=standalone count=2 duration_ms=137562 failed=0
FM_TEST_SUMMARY_FAMILY family=watcher-wake-lock count=1 duration_ms=59656 failed=0
FM_TEST_SLOWEST rank=1 script=tests/fm-lint.test.sh duration_ms=177699
FM_TEST_SLOWEST rank=2 script=tests/fm-spawn-pool-base-freshen.test.sh duration_ms=135603
FM_TEST_SLOWEST rank=3 script=tests/fm-pi-watch-extension.test.sh duration_ms=59656
FM_TEST_SLOWEST rank=4 script=tests/fm-brief.test.sh duration_ms=22473
FM_TEST_SLOWEST rank=5 script=tests/fm-timeout-lib.test.sh duration_ms=10613
FM_TEST_SLOWEST rank=6 script=tests/fm-test-fixture-cleanup.test.sh duration_ms=1959
